[FILES] 
FileCount=46
File1=layout/Level2默认/StkView/FI/深度资料.SKN
File2=layout/Level2默认/StkView/HS/深度资料.SKN
File3=layout/Level2默认/StkView/XY/深度资料.SKN
File4=layout/Level2默认/StkView/category/BH/深度资料.SKN
File5=layout/Level2默认/StkView/category/BZ/深度资料.SKN
File6=layout/Level2默认/StkView/category/ETF/深度资料.SKN
File7=layout/Level2默认/StkView/category/IB/深度资料.SKN
File8=layout/Level2默认/StkView/category/IB98/深度资料.SKN
File9=layout/Level2默认/StkView/category/KZZYS/深度资料.SKN
File10=layout/Level2默认/StkView/category/SFTF/深度资料.SKN
File11=layout/Level2默认/StkView/category/XY/深度资料.SKN
File12=layout/Level2默认/StkView/category/ZQYS/深度资料.SKN
File13=layout/Level2默认/StkView/category/ZSSZQ/深度资料.SKN
File14=layout/Level2默认/StkView/category/ac/深度资料.SKN
File15=layout/Level2默认/StkView/category/af/深度资料.SKN
File16=layout/Level2默认/StkView/category/da/深度资料.SKN
File17=layout/Level2默认/StkView/category/pa/深度资料.SKN
File18=layout/Level2默认/StkView/hk/深度资料.SKN
File19=layout/Level2默认/StkView/sh/深度资料.SKN
File20=layout/Level2默认/StkView/so/深度资料.SKN
File21=layout/Level2默认/StkView/sz/深度资料.SKN
File22=layout/多屏模式/StkView/SH/深度资料.SKN
File23=layout/多屏模式/StkView/SZ/深度资料.SKN
File24=layout/多屏模式/StkView/category/af/深度资料.SKN
File25=layout/多屏模式/StkView/category/sk/深度资料.SKN
File26=layout/多屏模式/StkView/hk/深度资料.SKN
File27=layout/多窗口模式/StkView/SH/深度资料.SKN
File28=layout/多窗口模式/StkView/SZ/深度资料.SKN
File29=layout/多窗口模式/StkView/category/af/深度资料.SKN
File30=layout/多窗口模式/StkView/category/sk/深度资料.SKN
File31=layout/多窗口模式/StkView/hk/深度资料.SKN
File32=layout/默认方案/StkView/SH/深度资料.SKN
File33=layout/默认方案/StkView/SZ/深度资料.SKN
File34=layout/默认方案/StkView/category/ETF/深度资料.SKN
File35=layout/默认方案/StkView/category/KZZYS/深度资料.SKN
File36=layout/默认方案/StkView/category/ZQYS/深度资料.SKN
File37=layout/默认方案/StkView/category/af/深度资料.SKN
File38=layout/默认方案/StkView/category/sk/深度资料.SKN
File39=layout/默认方案/StkView/hk/深度资料.SKN
File40=listplan/lists/市场潜伏者.xml
File41=listplan/lists/涨幅vs资金.xml
File42=USERDATA/WorkSpace/滚动资讯窗口.WSP
File43=cfg/dzh2_login.ini
File44=data/deflayout/Level2默认/StkView/SF/股期联动.SKN
File45=layout/Level2默认/StkView/SF/股期联动.SKN
File46=listplan/listsself/主题投资.xml