[FILES] 
FileCount=45
File1=listplan/lists/市场潜伏者.xml
File2=listplan/lists/涨幅vs资金.xml
File3=USERDATA/WorkSpace/滚动资讯窗口.WSP
File4=cfg/dzh2_login.ini
File5=data/deflayout/Level2默认/StkView/SF/股期联动.SKN
File6=layout/Level2默认/StkView/SF/股期联动.SKN
File7=listplan/listsself/主题投资.xml
File8=userdata/block/OLED0700231.BLK
File9=userdata/block/蚂蚁金服0700237.BLK
File8=userdata/block/OLED0700231.BLK
File9=userdata/block/蚂蚁金服0700237.BLK
File10=userdata/block/保险0600037.BLK
File11=userdata/block/电器0600012.BLK
File12=userdata/block/非银金融060003.BLK
File13=userdata/block/非银金融0600038.BLK
File14=userdata/block/建材0600021.BLK
File15=userdata/block/交通工具0600023.BLK
File16=userdata/block/交通设施0600014.BLK
File17=userdata/block/教育传媒0600028.BLK
File18=userdata/block/旅游酒店0600016.BLK
File19=userdata/block/煤炭石油0600017.BLK
File20=userdata/block/酿酒食品0600018.BLK
File21=userdata/block/农林牧渔0600019.BLK
File22=userdata/block/其他行业0600022.BLK
File23=userdata/block/券商0600032.BLK
File24=userdata/block/商业连锁0600020.BLK
File25=userdata/block/通信0600035.BLK
File26=userdata/block/外贸0600027.BLK
File27=userdata/block/医药0600025.BLK
File28=userdata/block/仪电仪表0600029.BLK
File29=userdata/block/银行类0600015.BLK
File30=userdata/block/有色金属0600030.BLK
File31=userdata/block/运输物流0600036.BLK
File32=userdata/block/G20峰会0700236.BLK
File33=userdata/block/恒大系0700234.BLK
File34=userdata/block/万达私有0700235.BLK
File35=userdata/block/港股通_深港（模拟）0118851.BLK
File36=userdata/block/全部港股通（模拟）0119243.BLK
File37=userdata/block/港股通_沪港0101844.BLK
File38=userdata/block/港股通0101844.BLK
File39=userdata/block/深股通（模拟）0118850.BLK
File40=userdata/block/沪深通（模拟）0119242.BLK
File41=userdata/block/港股通深港（模拟）0118851.BLK
File42=userdata/block/港股通沪港0101844.BLK
File43=userdata/block/深市港股通（模拟）0118851.BLK
File44=layout/Level2默认/StkView/SH/企业图谱.SKN
File45=layout/Level2默认/StkView/SZ/企业图谱.SKN
